---------------------------------------
Begin Slurm Prolog: Mar-17-2026 13:22:34
Job ID:    4489821
User ID:   fmeng48
Account:   bios
Job name:  eggnog_array
Partition: coc-cpu
QOS:       coc-ice
---------------------------------------
Lmod Warning:
-------------------------------------------------------------------------------
The following dependent module(s) are not currently loaded: zlib/1.2.13
(required by: gcc/12.3.0)
-------------------------------------------------------------------------------




The following have been reloaded with a version change:
  1) zlib/1.2.13 => zlib/1.2.13-3qhjpij

[2026-03-17 13:22:39] INFO: Array task 17: processing sample B9da8cd3f0
[2026-03-17 13:22:39] INFO: Running eggNOG-mapper on B9da8cd3f0...
[2026-03-17 15:45:14] INFO: B9da8cd3f0: eggNOG annotated 1722 proteins
[2026-03-17 15:45:14] INFO: Array task 17: B9da8cd3f0 complete
---------------------------------------
Begin Slurm Epilog: Mar-17-2026 15:45:14
Job ID:        4489821
Array Job ID:  4489782_17
User ID:       fmeng48
Account:       bios
Job name:      eggnog_array
Resources:     cpu=8,mem=12G,node=1
Rsrc Used:     cput=19:01:20,vmem=0,walltime=02:22:40,mem=12583032K,energy_used=0
Partition:     coc-cpu
QOS:           coc-ice
Nodes:         atl1-1-03-007-26-2
---------------------------------------
