---------------------------------------
Begin Slurm Prolog: Mar-17-2026 13:21:34
Job ID:    4489801
User ID:   fmeng48
Account:   bios
Job name:  eggnog_array
Partition: coc-cpu
QOS:       coc-ice
---------------------------------------
Lmod Warning:
-------------------------------------------------------------------------------
The following dependent module(s) are not currently loaded: zlib/1.2.13
(required by: gcc/12.3.0)
-------------------------------------------------------------------------------




The following have been reloaded with a version change:
  1) zlib/1.2.13 => zlib/1.2.13-3qhjpij

[2026-03-17 13:21:40] INFO: Array task 9: processing sample B5bcdf879c
[2026-03-17 13:21:40] INFO: Running eggNOG-mapper on B5bcdf879c...
[2026-03-17 15:51:29] INFO: B5bcdf879c: eggNOG annotated 1703 proteins
[2026-03-17 15:51:29] INFO: Array task 9: B5bcdf879c complete
---------------------------------------
Begin Slurm Epilog: Mar-17-2026 15:51:29
Job ID:        4489801
Array Job ID:  4489782_9
User ID:       fmeng48
Account:       bios
Job name:      eggnog_array
Resources:     cpu=8,mem=12G,node=1
Rsrc Used:     cput=19:59:28,vmem=0,walltime=02:29:56,mem=11820696K,energy_used=0
Partition:     coc-cpu
QOS:           coc-ice
Nodes:         atl1-1-02-010-7-1
---------------------------------------
