---------------------------------------
Begin Slurm Prolog: Mar-17-2026 13:22:34
Job ID:    4489822
User ID:   fmeng48
Account:   bios
Job name:  eggnog_array
Partition: coc-cpu
QOS:       coc-ice
---------------------------------------
Lmod Warning:
-------------------------------------------------------------------------------
The following dependent module(s) are not currently loaded: zlib/1.2.13
(required by: gcc/12.3.0)
-------------------------------------------------------------------------------




The following have been reloaded with a version change:
  1) zlib/1.2.13 => zlib/1.2.13-3qhjpij

[2026-03-17 13:22:39] INFO: Array task 18: processing sample Ba5ab9b866
[2026-03-17 13:22:39] INFO: Running eggNOG-mapper on Ba5ab9b866...
[2026-03-17 15:46:42] INFO: Ba5ab9b866: eggNOG annotated 1717 proteins
[2026-03-17 15:46:42] INFO: Array task 18: Ba5ab9b866 complete
---------------------------------------
Begin Slurm Epilog: Mar-17-2026 15:46:42
Job ID:        4489822
Array Job ID:  4489782_18
User ID:       fmeng48
Account:       bios
Job name:      eggnog_array
Resources:     cpu=8,mem=12G,node=1
Rsrc Used:     cput=19:13:04,vmem=0,walltime=02:24:08,mem=12582740K,energy_used=0
Partition:     coc-cpu
QOS:           coc-ice
Nodes:         atl1-1-03-007-26-2
---------------------------------------
