---------------------------------------
Begin Slurm Prolog: Mar-17-2026 13:22:34
Job ID:    4489820
User ID:   fmeng48
Account:   bios
Job name:  eggnog_array
Partition: coc-cpu
QOS:       coc-ice
---------------------------------------
Lmod Warning:
-------------------------------------------------------------------------------
The following dependent module(s) are not currently loaded: zlib/1.2.13
(required by: gcc/12.3.0)
-------------------------------------------------------------------------------




The following have been reloaded with a version change:
  1) zlib/1.2.13 => zlib/1.2.13-3qhjpij

[2026-03-17 13:22:38] INFO: Array task 16: processing sample B9c3d9d3f2
[2026-03-17 13:22:38] INFO: Running eggNOG-mapper on B9c3d9d3f2...
[2026-03-17 15:46:20] INFO: B9c3d9d3f2: eggNOG annotated 1686 proteins
[2026-03-17 15:46:20] INFO: Array task 16: B9c3d9d3f2 complete
---------------------------------------
Begin Slurm Epilog: Mar-17-2026 15:46:20
Job ID:        4489820
Array Job ID:  4489782_16
User ID:       fmeng48
Account:       bios
Job name:      eggnog_array
Resources:     cpu=8,mem=12G,node=1
Rsrc Used:     cput=19:10:08,vmem=0,walltime=02:23:46,mem=12580940K,energy_used=0
Partition:     coc-cpu
QOS:           coc-ice
Nodes:         atl1-1-02-010-8-1
---------------------------------------
