---------------------------------------
Begin Slurm Prolog: Mar-17-2026 13:21:34
Job ID:    4489800
User ID:   fmeng48
Account:   bios
Job name:  eggnog_array
Partition: coc-cpu
QOS:       coc-ice
---------------------------------------
Lmod Warning:
-------------------------------------------------------------------------------
The following dependent module(s) are not currently loaded: zlib/1.2.13
(required by: gcc/12.3.0)
-------------------------------------------------------------------------------




The following have been reloaded with a version change:
  1) zlib/1.2.13 => zlib/1.2.13-3qhjpij

[2026-03-17 13:21:40] INFO: Array task 8: processing sample B53cfe4dfd
[2026-03-17 13:21:40] INFO: Running eggNOG-mapper on B53cfe4dfd...
[2026-03-17 15:51:16] INFO: B53cfe4dfd: eggNOG annotated 1681 proteins
[2026-03-17 15:51:16] INFO: Array task 8: B53cfe4dfd complete
---------------------------------------
Begin Slurm Epilog: Mar-17-2026 15:51:16
Job ID:        4489800
Array Job ID:  4489782_8
User ID:       fmeng48
Account:       bios
Job name:      eggnog_array
Resources:     cpu=8,mem=12G,node=1
Rsrc Used:     cput=19:57:44,vmem=0,walltime=02:29:43,mem=12585028K,energy_used=0
Partition:     coc-cpu
QOS:           coc-ice
Nodes:         atl1-1-02-010-7-1
---------------------------------------
