---------------------------------------
Begin Slurm Prolog: Mar-17-2026 13:23:35
Job ID:    4489834
User ID:   fmeng48
Account:   bios
Job name:  eggnog_array
Partition: coc-cpu
QOS:       coc-ice
---------------------------------------
Lmod Warning:
-------------------------------------------------------------------------------
The following dependent module(s) are not currently loaded: zlib/1.2.13
(required by: gcc/12.3.0)
-------------------------------------------------------------------------------




The following have been reloaded with a version change:
  1) zlib/1.2.13 => zlib/1.2.13-3qhjpij

[2026-03-17 13:23:39] INFO: Array task 25: processing sample Bf50c4317a
[2026-03-17 13:23:39] INFO: Running eggNOG-mapper on Bf50c4317a...
[2026-03-17 15:51:32] INFO: Bf50c4317a: eggNOG annotated 1699 proteins
[2026-03-17 15:51:32] INFO: Array task 25: Bf50c4317a complete
---------------------------------------
Begin Slurm Epilog: Mar-17-2026 15:51:33
Job ID:        4489834
Array Job ID:  4489782_25
User ID:       fmeng48
Account:       bios
Job name:      eggnog_array
Resources:     cpu=8,mem=12G,node=1
Rsrc Used:     cput=19:43:44,vmem=0,walltime=02:27:58,mem=12582992K,energy_used=0
Partition:     coc-cpu
QOS:           coc-ice
Nodes:         atl1-1-03-007-27-2
---------------------------------------
