---------------------------------------
Begin Slurm Prolog: Mar-17-2026 13:22:04
Job ID:    4489812
User ID:   fmeng48
Account:   bios
Job name:  eggnog_array
Partition: coc-cpu
QOS:       coc-ice
---------------------------------------
Lmod Warning:
-------------------------------------------------------------------------------
The following dependent module(s) are not currently loaded: zlib/1.2.13
(required by: gcc/12.3.0)
-------------------------------------------------------------------------------




The following have been reloaded with a version change:
  1) zlib/1.2.13 => zlib/1.2.13-3qhjpij

[2026-03-17 13:22:08] INFO: Array task 14: processing sample B993d6df3d
[2026-03-17 13:22:08] INFO: Running eggNOG-mapper on B993d6df3d...
[2026-03-17 15:46:28] INFO: B993d6df3d: eggNOG annotated 1666 proteins
[2026-03-17 15:46:28] INFO: Array task 14: B993d6df3d complete
---------------------------------------
Begin Slurm Epilog: Mar-17-2026 15:46:28
Job ID:        4489812
Array Job ID:  4489782_14
User ID:       fmeng48
Account:       bios
Job name:      eggnog_array
Resources:     cpu=8,mem=12G,node=1
Rsrc Used:     cput=19:15:20,vmem=0,walltime=02:24:25,mem=12583040K,energy_used=0
Partition:     coc-cpu
QOS:           coc-ice
Nodes:         atl1-1-02-010-8-1
---------------------------------------
