---------------------------------------
Begin Slurm Prolog: Mar-17-2026 13:23:35
Job ID:    4489836
User ID:   fmeng48
Account:   bios
Job name:  eggnog_array
Partition: coc-cpu
QOS:       coc-ice
---------------------------------------
Lmod Warning:
-------------------------------------------------------------------------------
The following dependent module(s) are not currently loaded: zlib/1.2.13
(required by: gcc/12.3.0)
-------------------------------------------------------------------------------




The following have been reloaded with a version change:
  1) zlib/1.2.13 => zlib/1.2.13-3qhjpij

[2026-03-17 13:23:40] INFO: Array task 27: processing sample Bfa71058c4
[2026-03-17 13:23:40] INFO: Running eggNOG-mapper on Bfa71058c4...
[2026-03-17 15:51:53] INFO: Bfa71058c4: eggNOG annotated 1719 proteins
[2026-03-17 15:51:53] INFO: Array task 27: Bfa71058c4 complete
---------------------------------------
Begin Slurm Epilog: Mar-17-2026 15:51:54
Job ID:        4489836
Array Job ID:  4489782_27
User ID:       fmeng48
Account:       bios
Job name:      eggnog_array
Resources:     cpu=8,mem=12G,node=1
Rsrc Used:     cput=19:46:32,vmem=0,walltime=02:28:19,mem=12583012K,energy_used=0
Partition:     coc-cpu
QOS:           coc-ice
Nodes:         atl1-1-03-007-28-1
---------------------------------------
