---------------------------------------
Begin Slurm Prolog: Mar-17-2026 13:23:05
Job ID:    4489826
User ID:   fmeng48
Account:   bios
Job name:  eggnog_array
Partition: coc-cpu
QOS:       coc-ice
---------------------------------------
Lmod Warning:
-------------------------------------------------------------------------------
The following dependent module(s) are not currently loaded: zlib/1.2.13
(required by: gcc/12.3.0)
-------------------------------------------------------------------------------




The following have been reloaded with a version change:
  1) zlib/1.2.13 => zlib/1.2.13-3qhjpij

[2026-03-17 13:23:09] INFO: Array task 20: processing sample Bd8b870d47
[2026-03-17 13:23:09] INFO: Running eggNOG-mapper on Bd8b870d47...
[2026-03-17 15:50:40] INFO: Bd8b870d47: eggNOG annotated 1677 proteins
[2026-03-17 15:50:40] INFO: Array task 20: Bd8b870d47 complete
---------------------------------------
Begin Slurm Epilog: Mar-17-2026 15:50:40
Job ID:        4489826
Array Job ID:  4489782_20
User ID:       fmeng48
Account:       bios
Job name:      eggnog_array
Resources:     cpu=8,mem=12G,node=1
Rsrc Used:     cput=19:40:48,vmem=0,walltime=02:27:36,mem=12582952K,energy_used=0
Partition:     coc-cpu
QOS:           coc-ice
Nodes:         atl1-1-03-007-27-1
---------------------------------------
