---------------------------------------
Begin Slurm Prolog: Mar-17-2026 13:21:33
Job ID:    4489798
User ID:   fmeng48
Account:   bios
Job name:  eggnog_array
Partition: coc-cpu
QOS:       coc-ice
---------------------------------------
Lmod Warning:
-------------------------------------------------------------------------------
The following dependent module(s) are not currently loaded: zlib/1.2.13
(required by: gcc/12.3.0)
-------------------------------------------------------------------------------




The following have been reloaded with a version change:
  1) zlib/1.2.13 => zlib/1.2.13-3qhjpij

[2026-03-17 13:21:38] INFO: Array task 6: processing sample B4eaad47ce
[2026-03-17 13:21:38] INFO: Running eggNOG-mapper on B4eaad47ce...
[2026-03-17 15:50:22] INFO: B4eaad47ce: eggNOG annotated 1695 proteins
[2026-03-17 15:50:22] INFO: Array task 6: B4eaad47ce complete
---------------------------------------
Begin Slurm Epilog: Mar-17-2026 15:50:23
Job ID:        4489798
Array Job ID:  4489782_6
User ID:       fmeng48
Account:       bios
Job name:      eggnog_array
Resources:     cpu=8,mem=12G,node=1
Rsrc Used:     cput=19:50:32,vmem=0,walltime=02:28:49,mem=12580936K,energy_used=0
Partition:     coc-cpu
QOS:           coc-ice
Nodes:         atl1-1-02-010-6-2
---------------------------------------
