---------------------------------------
Begin Slurm Prolog: Mar-17-2026 13:23:05
Job ID:    4489827
User ID:   fmeng48
Account:   bios
Job name:  eggnog_array
Partition: coc-cpu
QOS:       coc-ice
---------------------------------------
Lmod Warning:
-------------------------------------------------------------------------------
The following dependent module(s) are not currently loaded: zlib/1.2.13
(required by: gcc/12.3.0)
-------------------------------------------------------------------------------




The following have been reloaded with a version change:
  1) zlib/1.2.13 => zlib/1.2.13-3qhjpij

[2026-03-17 13:23:09] INFO: Array task 21: processing sample Bde9b0c3d0
[2026-03-17 13:23:09] INFO: Running eggNOG-mapper on Bde9b0c3d0...
[2026-03-17 15:50:46] INFO: Bde9b0c3d0: eggNOG annotated 1689 proteins
[2026-03-17 15:50:46] INFO: Array task 21: Bde9b0c3d0 complete
---------------------------------------
Begin Slurm Epilog: Mar-17-2026 15:50:46
Job ID:        4489827
Array Job ID:  4489782_21
User ID:       fmeng48
Account:       bios
Job name:      eggnog_array
Resources:     cpu=8,mem=12G,node=1
Rsrc Used:     cput=19:41:36,vmem=0,walltime=02:27:42,mem=10676816K,energy_used=0
Partition:     coc-cpu
QOS:           coc-ice
Nodes:         atl1-1-03-007-27-1
---------------------------------------
