---------------------------------------
Begin Slurm Prolog: Mar-17-2026 13:21:03
Job ID:    4489790
User ID:   fmeng48
Account:   bios
Job name:  eggnog_array
Partition: coc-cpu
QOS:       coc-ice
---------------------------------------
Lmod Warning:
-------------------------------------------------------------------------------
The following dependent module(s) are not currently loaded: zlib/1.2.13
(required by: gcc/12.3.0)
-------------------------------------------------------------------------------




The following have been reloaded with a version change:
  1) zlib/1.2.13 => zlib/1.2.13-3qhjpij

[2026-03-17 13:21:08] INFO: Array task 3: processing sample B35fb22491
[2026-03-17 13:21:08] INFO: Running eggNOG-mapper on B35fb22491...
[2026-03-17 15:40:41] INFO: B35fb22491: eggNOG annotated 1719 proteins
[2026-03-17 15:40:41] INFO: Array task 3: B35fb22491 complete
---------------------------------------
Begin Slurm Epilog: Mar-17-2026 15:40:41
Job ID:        4489790
Array Job ID:  4489782_3
User ID:       fmeng48
Account:       bios
Job name:      eggnog_array
Resources:     cpu=8,mem=12G,node=1
Rsrc Used:     cput=18:37:12,vmem=0,walltime=02:19:39,mem=12583040K,energy_used=0
Partition:     coc-cpu
QOS:           coc-ice
Nodes:         atl1-1-03-003-16-2
---------------------------------------
