---------------------------------------
Begin Slurm Prolog: Mar-17-2026 13:21:33
Job ID:    4489797
User ID:   fmeng48
Account:   bios
Job name:  eggnog_array
Partition: coc-cpu
QOS:       coc-ice
---------------------------------------
Lmod Warning:
-------------------------------------------------------------------------------
The following dependent module(s) are not currently loaded: zlib/1.2.13
(required by: gcc/12.3.0)
-------------------------------------------------------------------------------




The following have been reloaded with a version change:
  1) zlib/1.2.13 => zlib/1.2.13-3qhjpij

[2026-03-17 13:21:38] INFO: Array task 5: processing sample B4e58a05f2
[2026-03-17 13:21:38] INFO: Running eggNOG-mapper on B4e58a05f2...
[2026-03-17 15:49:35] INFO: B4e58a05f2: eggNOG annotated 1702 proteins
[2026-03-17 15:49:35] INFO: Array task 5: B4e58a05f2 complete
---------------------------------------
Begin Slurm Epilog: Mar-17-2026 15:49:35
Job ID:        4489797
Array Job ID:  4489782_5
User ID:       fmeng48
Account:       bios
Job name:      eggnog_array
Resources:     cpu=8,mem=12G,node=1
Rsrc Used:     cput=19:44:16,vmem=0,walltime=02:28:02,mem=12581032K,energy_used=0
Partition:     coc-cpu
QOS:           coc-ice
Nodes:         atl1-1-02-010-6-2
---------------------------------------
