---------------------------------------
Begin Slurm Prolog: Mar-17-2026 13:21:03
Job ID:    4489787
User ID:   fmeng48
Account:   bios
Job name:  eggnog_array
Partition: coc-cpu
QOS:       coc-ice
---------------------------------------
Lmod Warning:
-------------------------------------------------------------------------------
The following dependent module(s) are not currently loaded: zlib/1.2.13
(required by: gcc/12.3.0)
-------------------------------------------------------------------------------




The following have been reloaded with a version change:
  1) zlib/1.2.13 => zlib/1.2.13-3qhjpij

[2026-03-17 13:21:08] INFO: Array task 0: processing sample B2242c42d4
[2026-03-17 13:21:08] INFO: Running eggNOG-mapper on B2242c42d4...
[2026-03-17 15:44:47] INFO: B2242c42d4: eggNOG annotated 1700 proteins
[2026-03-17 15:44:47] INFO: Array task 0: B2242c42d4 complete
---------------------------------------
Begin Slurm Epilog: Mar-17-2026 15:44:47
Job ID:        4489787
Array Job ID:  4489782_0
User ID:       fmeng48
Account:       bios
Job name:      eggnog_array
Resources:     cpu=8,mem=12G,node=1
Rsrc Used:     cput=19:10:00,vmem=0,walltime=02:23:45,mem=12586952K,energy_used=0
Partition:     coc-cpu
QOS:           coc-ice
Nodes:         atl1-1-02-010-1-1
---------------------------------------
