---------------------------------------
Begin Slurm Prolog: Mar-17-2026 13:22:04
Job ID:    4489811
User ID:   fmeng48
Account:   bios
Job name:  eggnog_array
Partition: coc-cpu
QOS:       coc-ice
---------------------------------------
Lmod Warning:
-------------------------------------------------------------------------------
The following dependent module(s) are not currently loaded: zlib/1.2.13
(required by: gcc/12.3.0)
-------------------------------------------------------------------------------




The following have been reloaded with a version change:
  1) zlib/1.2.13 => zlib/1.2.13-3qhjpij

[2026-03-17 13:22:08] INFO: Array task 13: processing sample B96bf781ec
[2026-03-17 13:22:08] INFO: Running eggNOG-mapper on B96bf781ec...
[2026-03-17 15:51:13] INFO: B96bf781ec: eggNOG annotated 1671 proteins
[2026-03-17 15:51:13] INFO: Array task 13: B96bf781ec complete
---------------------------------------
Begin Slurm Epilog: Mar-17-2026 15:51:13
Job ID:        4489811
Array Job ID:  4489782_13
User ID:       fmeng48
Account:       bios
Job name:      eggnog_array
Resources:     cpu=8,mem=12G,node=1
Rsrc Used:     cput=19:53:20,vmem=0,walltime=02:29:10,mem=12582948K,energy_used=0
Partition:     coc-cpu
QOS:           coc-ice
Nodes:         atl1-1-02-010-7-2
---------------------------------------
