---------------------------------------
Begin Slurm Prolog: Mar-17-2026 13:23:05
Job ID:    4489829
User ID:   fmeng48
Account:   bios
Job name:  eggnog_array
Partition: coc-cpu
QOS:       coc-ice
---------------------------------------
Lmod Warning:
-------------------------------------------------------------------------------
The following dependent module(s) are not currently loaded: zlib/1.2.13
(required by: gcc/12.3.0)
-------------------------------------------------------------------------------




The following have been reloaded with a version change:
  1) zlib/1.2.13 => zlib/1.2.13-3qhjpij

[2026-03-17 13:23:09] INFO: Array task 23: processing sample Bea3b88bb9
[2026-03-17 13:23:09] INFO: Running eggNOG-mapper on Bea3b88bb9...
[2026-03-17 15:51:32] INFO: Bea3b88bb9: eggNOG annotated 1715 proteins
[2026-03-17 15:51:32] INFO: Array task 23: Bea3b88bb9 complete
---------------------------------------
Begin Slurm Epilog: Mar-17-2026 15:51:32
Job ID:        4489829
Array Job ID:  4489782_23
User ID:       fmeng48
Account:       bios
Job name:      eggnog_array
Resources:     cpu=8,mem=12G,node=1
Rsrc Used:     cput=19:47:44,vmem=0,walltime=02:28:28,mem=12583004K,energy_used=0
Partition:     coc-cpu
QOS:           coc-ice
Nodes:         atl1-1-03-007-27-2
---------------------------------------
