Starting at Mon Mar 16 13:06:09 2026

Sequence file = data/Bd8b870d47_S01_L001.filtered.fasta
Number of sequences = 113
ICM model file = glimmer_results/Bd8b870d47_S01_L001.filtered.icm
Excluded regions file = none
List of orfs file = none
Input is NOT separate orfs
Independent (non-coding) scores are used
Circular genome = true
Truncated orfs = false
Minimum gene length = 100 bp
Maximum overlap bases = 30
Threshold score = 30
Use first start codon = false
Start codons = atg,gtg,ttg
Start probs = 0.600,0.300,0.100
Stop codons = taa,tag,tga
GC percentage = 51.8%
Ignore score on orfs longer than 774
Analyzing Sequence #1
Start Find_Orfs
Start Score_Orfs
Start Process_Events
Start Trace_Back
Analyzing Sequence #2
Start Find_Orfs
Start Score_Orfs
Start Process_Events
Start Trace_Back
Analyzing Sequence #3
Start Find_Orfs
Start Score_Orfs
Start Process_Events
Start Trace_Back
Analyzing Sequence #4
Start Find_Orfs
Start Score_Orfs
Start Process_Events
Start Trace_Back
Analyzing Sequence #5
Start Find_Orfs
Start Score_Orfs
Start Process_Events
Start Trace_Back
Analyzing Sequence #6
Start Find_Orfs
Start Score_Orfs
Start Process_Events
Start Trace_Back
Analyzing Sequence #7
Start Find_Orfs
Start Score_Orfs
Start Process_Events
Start Trace_Back
Analyzing Sequence #8
Start Find_Orfs
Start Score_Orfs
Start Process_Events
Start Trace_Back
Analyzing Sequence #9
Start Find_Orfs
Start Score_Orfs
Start Process_Events
Start Trace_Back
Analyzing Sequence #10
Start Find_Orfs
Start Score_Orfs
Start Process_Events
Start Trace_Back
Analyzing Sequence #11
Start Find_Orfs
Start Score_Orfs
Start Process_Events
Start Trace_Back
Analyzing Sequence #12
Start Find_Orfs
Start Score_Orfs
Start Process_Events
Start Trace_Back
Analyzing Sequence #13
Start Find_Orfs
Start Score_Orfs
Start Process_Events
Start Trace_Back
Analyzing Sequence #14
Start Find_Orfs
Start Score_Orfs
Start Process_Events
Start Trace_Back
Analyzing Sequence #15
Start Find_Orfs
Start Score_Orfs
Start Process_Events
Start Trace_Back
Analyzing Sequence #16
Start Find_Orfs
Start Score_Orfs
Start Process_Events
Start Trace_Back
Analyzing Sequence #17
Start Find_Orfs
Start Score_Orfs
Start Process_Events
Start Trace_Back
Analyzing Sequence #18
Start Find_Orfs
Start Score_Orfs
Start Process_Events
Start Trace_Back
Analyzing Sequence #19
Start Find_Orfs
Start Score_Orfs
Start Process_Events
Start Trace_Back
Analyzing Sequence #20
Start Find_Orfs
Start Score_Orfs
Start Process_Events
Start Trace_Back
Analyzing Sequence #21
Start Find_Orfs
Start Score_Orfs
Start Process_Events
Start Trace_Back
Analyzing Sequence #22
Start Find_Orfs
Start Score_Orfs
Start Process_Events
Start Trace_Back
Analyzing Sequence #23
Start Find_Orfs
Start Score_Orfs
Start Process_Events
Start Trace_Back
Analyzing Sequence #24
Start Find_Orfs
Start Score_Orfs
Start Process_Events
Start Trace_Back
Analyzing Sequence #25
Start Find_Orfs
Start Score_Orfs
Start Process_Events
Start Trace_Back
Analyzing Sequence #26
Start Find_Orfs
Start Score_Orfs
Start Process_Events
Start Trace_Back
Analyzing Sequence #27
Start Find_Orfs
Start Score_Orfs
Start Process_Events
Start Trace_Back
Analyzing Sequence #28
Start Find_Orfs
Start Score_Orfs
Start Process_Events
Start Trace_Back
Analyzing Sequence #29
Start Find_Orfs
Start Score_Orfs
Start Process_Events
Start Trace_Back
Analyzing Sequence #30
Start Find_Orfs
Start Score_Orfs
Start Process_Events
Start Trace_Back
Analyzing Sequence #31
Start Find_Orfs
Start Score_Orfs
Start Process_Events
Start Trace_Back
Analyzing Sequence #32
Start Find_Orfs
Start Score_Orfs
Start Process_Events
Start Trace_Back
Analyzing Sequence #33
Start Find_Orfs
Start Score_Orfs
Start Process_Events
Start Trace_Back
Analyzing Sequence #34
Start Find_Orfs
Start Score_Orfs
Start Process_Events
Start Trace_Back
Analyzing Sequence #35
Start Find_Orfs
Start Score_Orfs
Start Process_Events
Start Trace_Back
Analyzing Sequence #36
Start Find_Orfs
Start Score_Orfs
Start Process_Events
Start Trace_Back
Analyzing Sequence #37
Start Find_Orfs
Start Score_Orfs
Start Process_Events
Start Trace_Back
Analyzing Sequence #38
Start Find_Orfs
Start Score_Orfs
Start Process_Events
Start Trace_Back
Analyzing Sequence #39
Start Find_Orfs
Start Score_Orfs
Start Process_Events
Start Trace_Back
Analyzing Sequence #40
Start Find_Orfs
Start Score_Orfs
Start Process_Events
Start Trace_Back
Analyzing Sequence #41
Start Find_Orfs
Start Score_Orfs
Start Process_Events
Start Trace_Back
Analyzing Sequence #42
Start Find_Orfs
Start Score_Orfs
Start Process_Events
Start Trace_Back
Analyzing Sequence #43
Start Find_Orfs
Start Score_Orfs
Start Process_Events
Start Trace_Back
Analyzing Sequence #44
Start Find_Orfs
Start Score_Orfs
Start Process_Events
Start Trace_Back
Analyzing Sequence #45
Start Find_Orfs
Start Score_Orfs
Start Process_Events
Start Trace_Back
Analyzing Sequence #46
Start Find_Orfs
Start Score_Orfs
Start Process_Events
Start Trace_Back
Analyzing Sequence #47
Start Find_Orfs
Start Score_Orfs
Start Process_Events
Start Trace_Back
Analyzing Sequence #48
Start Find_Orfs
Start Score_Orfs
Start Process_Events
Start Trace_Back
Analyzing Sequence #49
Start Find_Orfs
Start Score_Orfs
Start Process_Events
Start Trace_Back
Analyzing Sequence #50
Start Find_Orfs
Start Score_Orfs
Start Process_Events
Start Trace_Back
Analyzing Sequence #51
Start Find_Orfs
Start Score_Orfs
Start Process_Events
Start Trace_Back
Analyzing Sequence #52
Start Find_Orfs
Start Score_Orfs
Start Process_Events
Start Trace_Back
Analyzing Sequence #53
Start Find_Orfs
Start Score_Orfs
Start Process_Events
Start Trace_Back
Analyzing Sequence #54
Start Find_Orfs
Start Score_Orfs
Start Process_Events
Start Trace_Back
Analyzing Sequence #55
Start Find_Orfs
Start Score_Orfs
Start Process_Events
Start Trace_Back
Analyzing Sequence #56
Start Find_Orfs
Start Score_Orfs
Start Process_Events
Start Trace_Back
Analyzing Sequence #57
Start Find_Orfs
Start Score_Orfs
Start Process_Events
Start Trace_Back
Analyzing Sequence #58
Start Find_Orfs
Start Score_Orfs
Start Process_Events
Start Trace_Back
Analyzing Sequence #59
Start Find_Orfs
Start Score_Orfs
Start Process_Events
Start Trace_Back
Analyzing Sequence #60
Start Find_Orfs
Start Score_Orfs
Start Process_Events
Start Trace_Back
Analyzing Sequence #61
Start Find_Orfs
Start Score_Orfs
Start Process_Events
Start Trace_Back
Analyzing Sequence #62
Start Find_Orfs
Start Score_Orfs
Start Process_Events
Start Trace_Back
Analyzing Sequence #63
Start Find_Orfs
Start Score_Orfs
Start Process_Events
Start Trace_Back
Analyzing Sequence #64
Start Find_Orfs
Start Score_Orfs
Start Process_Events
Start Trace_Back
Analyzing Sequence #65
Start Find_Orfs
Start Score_Orfs
Start Process_Events
Start Trace_Back
Analyzing Sequence #66
Start Find_Orfs
Start Score_Orfs
Start Process_Events
Start Trace_Back
Analyzing Sequence #67
Start Find_Orfs
Start Score_Orfs
Start Process_Events
Start Trace_Back
Analyzing Sequence #68
Start Find_Orfs
Start Score_Orfs
Start Process_Events
Start Trace_Back
Analyzing Sequence #69
Start Find_Orfs
Start Score_Orfs
Start Process_Events
Start Trace_Back
Analyzing Sequence #70
Start Find_Orfs
Start Score_Orfs
Start Process_Events
Start Trace_Back
Analyzing Sequence #71
Start Find_Orfs
Start Score_Orfs
Start Process_Events
Start Trace_Back
Analyzing Sequence #72
Start Find_Orfs
Start Score_Orfs
Start Process_Events
Start Trace_Back
Analyzing Sequence #73
Start Find_Orfs
Start Score_Orfs
Start Process_Events
Start Trace_Back
Analyzing Sequence #74
Start Find_Orfs
Start Score_Orfs
Start Process_Events
Start Trace_Back
Analyzing Sequence #75
Start Find_Orfs
Start Score_Orfs
Start Process_Events
Start Trace_Back
Analyzing Sequence #76
Start Find_Orfs
Start Score_Orfs
Start Process_Events
Start Trace_Back
Analyzing Sequence #77
Start Find_Orfs
Start Score_Orfs
Start Process_Events
Start Trace_Back
Analyzing Sequence #78
Start Find_Orfs
Start Score_Orfs
Start Process_Events
Start Trace_Back
Analyzing Sequence #79
Start Find_Orfs
Start Score_Orfs
Start Process_Events
Start Trace_Back
Analyzing Sequence #80
Start Find_Orfs
Start Score_Orfs
Start Process_Events
Start Trace_Back
Analyzing Sequence #81
Start Find_Orfs
Start Score_Orfs
Start Process_Events
Start Trace_Back
Analyzing Sequence #82
Start Find_Orfs
Start Score_Orfs
Start Process_Events
Start Trace_Back
Analyzing Sequence #83
Start Find_Orfs
Start Score_Orfs
Start Process_Events
Start Trace_Back
Analyzing Sequence #84
Start Find_Orfs
Start Score_Orfs
Start Process_Events
Start Trace_Back
Analyzing Sequence #85
Start Find_Orfs
Start Score_Orfs
Start Process_Events
Start Trace_Back
Analyzing Sequence #86
Start Find_Orfs
Start Score_Orfs
Start Process_Events
Start Trace_Back
Analyzing Sequence #87
Start Find_Orfs
Start Score_Orfs
Start Process_Events
Start Trace_Back
Analyzing Sequence #88
Start Find_Orfs
Start Score_Orfs
Start Process_Events
Start Trace_Back
Analyzing Sequence #89
Start Find_Orfs
Start Score_Orfs
Start Process_Events
Start Trace_Back
Analyzing Sequence #90
Start Find_Orfs
Start Score_Orfs
Start Process_Events
Start Trace_Back
Analyzing Sequence #91
Start Find_Orfs
Start Score_Orfs
Start Process_Events
Start Trace_Back
Analyzing Sequence #92
Start Find_Orfs
Start Score_Orfs
Start Process_Events
Start Trace_Back
Analyzing Sequence #93
Start Find_Orfs
Start Score_Orfs
Start Process_Events
Start Trace_Back
Analyzing Sequence #94
Start Find_Orfs
Start Score_Orfs
Start Process_Events
Start Trace_Back
Analyzing Sequence #95
Start Find_Orfs
Start Score_Orfs
Start Process_Events
Start Trace_Back
Analyzing Sequence #96
Start Find_Orfs
Start Score_Orfs
Start Process_Events
Start Trace_Back
Analyzing Sequence #97
Start Find_Orfs
Start Score_Orfs
Start Process_Events
Start Trace_Back
Analyzing Sequence #98
Start Find_Orfs
Start Score_Orfs
Start Process_Events
Start Trace_Back
Analyzing Sequence #99
Start Find_Orfs
Start Score_Orfs
Start Process_Events
Start Trace_Back
Analyzing Sequence #100
Start Find_Orfs
Start Score_Orfs
Start Process_Events
Start Trace_Back
Analyzing Sequence #101
Start Find_Orfs
Start Score_Orfs
Start Process_Events
Start Trace_Back
Analyzing Sequence #102
Start Find_Orfs
Start Score_Orfs
Start Process_Events
Start Trace_Back
Analyzing Sequence #103
Start Find_Orfs
Start Score_Orfs
Start Process_Events
Start Trace_Back
Analyzing Sequence #104
Start Find_Orfs
Start Score_Orfs
Start Process_Events
Start Trace_Back
Analyzing Sequence #105
Start Find_Orfs
Start Score_Orfs
Start Process_Events
Start Trace_Back
Analyzing Sequence #106
Start Find_Orfs
Start Score_Orfs
Start Process_Events
Start Trace_Back
Analyzing Sequence #107
Start Find_Orfs
Start Score_Orfs
Start Process_Events
Start Trace_Back
Analyzing Sequence #108
Start Find_Orfs
Start Score_Orfs
Start Process_Events
Start Trace_Back
Analyzing Sequence #109
Start Find_Orfs
Start Score_Orfs
Start Process_Events
Start Trace_Back
Analyzing Sequence #110
Start Find_Orfs
Start Score_Orfs
Start Process_Events
Start Trace_Back
Analyzing Sequence #111
Start Find_Orfs
Start Score_Orfs
Start Process_Events
Start Trace_Back
Analyzing Sequence #112
Start Find_Orfs
Start Score_Orfs
Start Process_Events
Start Trace_Back
Analyzing Sequence #113
Start Find_Orfs
Start Score_Orfs
Start Process_Events
Start Trace_Back
