WARNING: The requested image's platform (linux/amd64) does not match the detected host platform (linux/arm64/v8) and no specific platform was requested
[1;32mFunctional annotation of hits...[0m
#  emapper-2.1.12
# emapper.py  -i /results/Bea3b88bb9_gms2.faa -o /results/Bea3b88bb9_eggnog --data_dir /data/db -m diamond --cpu 4 --tax_scope Bacteria --go_evidence non-electronic --override
[1;33m  /usr/local/bin/diamond blastp -d '/data/db/eggnog_proteins.dmnd' -q '/results/Bea3b88bb9_gms2.faa' --threads 4 -o '/results/Bea3b88bb9_eggnog.emapper.hits' --tmpdir '/emappertmp_dmdn_o3qm_vaf' --sensitive --iterate -e 0.001 --top 3  --outfmt 6 qseqid sseqid pident length mismatch gapopen qstart qend sstart send evalue bitscore qcovhsp scovhsp[0m
500 32.3086302280426 15.48 q/s (% mem usage: 18.10, % mem avail: 81.90)
1000 45.87127947807312 21.80 q/s (% mem usage: 17.90, % mem avail: 82.14)
1500 58.309290647506714 25.72 q/s (% mem usage: 17.90, % mem avail: 82.15)
1891 67.18704724311829 28.15 q/s (% mem usage: 17.90, % mem avail: 82.08)
[32mDone[0m
[1;33mResult files:[0m
   /results/Bea3b88bb9_eggnog.emapper.hits
   /results/Bea3b88bb9_eggnog.emapper.seed_orthologs
   /results/Bea3b88bb9_eggnog.emapper.annotations

================================================================================
CITATION:
If you use this software, please cite:

[1] eggNOG-mapper v2: functional annotation, orthology assignments, and domain 
      prediction at the metagenomic scale. Carlos P. Cantalapiedra, 
      Ana Hernandez-Plaza, Ivica Letunic, Peer Bork, Jaime Huerta-Cepas. 2021.
      Molecular Biology and Evolution, msab293, https://doi.org/10.1093/molbev/msab293

[2] eggNOG 5.0: a hierarchical, functionally and phylogenetically annotated
      orthology resource based on 5090 organisms and 2502 viruses. Jaime
      Huerta-Cepas, Damian Szklarczyk, Davide Heller, Ana Hernandez-Plaza,
      Sofia K Forslund, Helen Cook, Daniel R Mende, Ivica Letunic, Thomas
      Rattei, Lars J Jensen, Christian von Mering and Peer Bork. Nucleic Acids
      Research, Volume 47, Issue D1, 8 January 2019, Pages D309-D314,
      https://doi.org/10.1093/nar/gky1085 

[3] Sensitive protein alignments at tree-of-life scale using DIAMOND.
       Buchfink B, Reuter K, Drost HG. 2021.
       Nature Methods 18, 366–368 (2021). https://doi.org/10.1038/s41592-021-01101-x

e.g. Functional annotation was performed using eggNOG-mapper (version emapper-2.1.12) [1]
 based on eggNOG orthology data [2]. Sequence searches were performed using [3].

================================================================================

Total hits processed: 1891
Total time: 2886 secs
FINISHED
     2887.39 real         0.10 user         0.20 sys
            25133056  maximum resident set size
                   0  average shared memory size
                   0  average unshared data size
                   0  average unshared stack size
               20700  page reclaims
                1821  page faults
                   0  swaps
                   0  block input operations
                   0  block output operations
                  23  messages sent
                  26  messages received
                 102  signals received
                  98  voluntary context switches
                9826  involuntary context switches
           803798062  instructions retired
           693234616  cycles elapsed
            13599152  peak memory footprint
