WARNING: The requested image's platform (linux/amd64) does not match the detected host platform (linux/arm64/v8) and no specific platform was requested
[1;32mFunctional annotation of hits...[0m
#  emapper-2.1.12
# emapper.py  -i /results/Bfe6f82f31_gms2.faa -o /results/Bfe6f82f31_eggnog --data_dir /data/db -m diamond --cpu 4 --tax_scope Bacteria --go_evidence non-electronic --override
[1;33m  /usr/local/bin/diamond blastp -d '/data/db/eggnog_proteins.dmnd' -q '/results/Bfe6f82f31_gms2.faa' --threads 4 -o '/results/Bfe6f82f31_eggnog.emapper.hits' --tmpdir '/emappertmp_dmdn__uvws049' --sensitive --iterate -e 0.001 --top 3  --outfmt 6 qseqid sseqid pident length mismatch gapopen qstart qend sstart send evalue bitscore qcovhsp scovhsp[0m
500 29.355112314224243 17.03 q/s (% mem usage: 19.10, % mem avail: 80.95)
1000 42.692222595214844 23.42 q/s (% mem usage: 19.10, % mem avail: 80.90)
1500 54.90119647979736 27.32 q/s (% mem usage: 19.00, % mem avail: 80.92)
1895 62.9908332824707 30.08 q/s (% mem usage: 18.60, % mem avail: 81.38)
[32mDone[0m
[1;33mResult files:[0m
   /results/Bfe6f82f31_eggnog.emapper.hits
   /results/Bfe6f82f31_eggnog.emapper.seed_orthologs
   /results/Bfe6f82f31_eggnog.emapper.annotations

================================================================================
CITATION:
If you use this software, please cite:

[1] eggNOG-mapper v2: functional annotation, orthology assignments, and domain 
      prediction at the metagenomic scale. Carlos P. Cantalapiedra, 
      Ana Hernandez-Plaza, Ivica Letunic, Peer Bork, Jaime Huerta-Cepas. 2021.
      Molecular Biology and Evolution, msab293, https://doi.org/10.1093/molbev/msab293

[2] eggNOG 5.0: a hierarchical, functionally and phylogenetically annotated
      orthology resource based on 5090 organisms and 2502 viruses. Jaime
      Huerta-Cepas, Damian Szklarczyk, Davide Heller, Ana Hernandez-Plaza,
      Sofia K Forslund, Helen Cook, Daniel R Mende, Ivica Letunic, Thomas
      Rattei, Lars J Jensen, Christian von Mering and Peer Bork. Nucleic Acids
      Research, Volume 47, Issue D1, 8 January 2019, Pages D309-D314,
      https://doi.org/10.1093/nar/gky1085 

[3] Sensitive protein alignments at tree-of-life scale using DIAMOND.
       Buchfink B, Reuter K, Drost HG. 2021.
       Nature Methods 18, 366–368 (2021). https://doi.org/10.1038/s41592-021-01101-x

e.g. Functional annotation was performed using eggNOG-mapper (version emapper-2.1.12) [1]
 based on eggNOG orthology data [2]. Sequence searches were performed using [3].

================================================================================

Total hits processed: 1895
Total time: 2838 secs
FINISHED
     2838.60 real         0.11 user         0.19 sys
            25296896  maximum resident set size
                   0  average shared memory size
                   0  average unshared data size
                   0  average unshared stack size
               18914  page reclaims
                1186  page faults
                   0  swaps
                   0  block input operations
                   0  block output operations
                  24  messages sent
                  27  messages received
                 105  signals received
                 112  voluntary context switches
                8447  involuntary context switches
           699769511  instructions retired
           597373886  cycles elapsed
            13828504  peak memory footprint
