[barrnap] This is barrnap 0.9
[barrnap] Written by Torsten Seemann
[barrnap] Obtained from https://github.com/tseemann/barrnap
[barrnap] Detected operating system: linux
[barrnap] Adding /home/aditi-ubuntu/miniforge3/envs/ex4_compare/lib/barrnap/bin/../binaries/linux to end of PATH
[barrnap] Checking for dependencies:
[barrnap] Found nhmmer - /home/aditi-ubuntu/miniforge3/envs/ex4_compare/bin/nhmmer
[barrnap] Found bedtools - /home/aditi-ubuntu/miniforge3/envs/ex4_compare/bin/bedtools
[barrnap] Will use 1 threads
[barrnap] Setting evalue cutoff to 1e-06
[barrnap] Will tag genes < 0.8 of expected length.
[barrnap] Will reject genes < 0.25 of expected length.
[barrnap] Using database: /home/aditi-ubuntu/miniforge3/envs/ex4_compare/lib/barrnap/bin/../db/bac.hmm
[barrnap] Scanning Bea3b88bb9_S01_L001_filtered.fasta for bac rRNA genes... please wait
[barrnap] Command: nhmmer --cpu 1 -E 1e-06 --w_length 3878 -o /dev/null --tblout /dev/stdout '/home/aditi-ubuntu/miniforge3/envs/ex4_compare/lib/barrnap/bin/../db/bac.hmm' 'Bea3b88bb9_S01_L001_filtered.fasta'
[barrnap] Found: 16S_rRNA contigs_129 L=1536/1585 2857..4392 - 16S ribosomal RNA
[barrnap] Found: 23S_rRNA contigs_129 L=2187/3232 1..2187 - 23S ribosomal RNA (partial)
[barrnap] Rejecting short 659 nt predicted 23S_rRNA. Adjust via --reject option.
[barrnap] Found: 5S_rRNA contigs_176 L=109/119 759..867 + 5S ribosomal RNA
[barrnap] Found 3 ribosomal RNA features.
[barrnap] Sorting features and outputting GFF3...
[barrnap] Done.

real	0m2.121s
user	0m2.860s
sys	0m0.163s
