#  emapper-2.1.12
# emapper.py  -i /home/hice1/fmeng48/scratch/BIOL7210/sentinel_Group2/results/predictions/gms2/Bb0e8101d1_gms2.faa -o /home/hice1/fmeng48/scratch/BIOL7210/sentinel_Group2/results/annotations/eggnog/Bb0e8101d1_eggnog --data_dir /home/hice1/fmeng48/scratch/BIOL7210/databases/eggnog -m diamond --cpu 8 --tax_scope Bacteria --go_evidence non-electronic --override --temp_dir /tmp/eggnog_fmeng48_Bb0e8101d1 --scratch_dir /tmp/eggnog_fmeng48_Bb0e8101d1
[1;33m  /home/hice1/fmeng48/scratch/BIOL7210/envs/biol7210-task2/bin/diamond blastp -d '/storage/ice1/9/0/fmeng48/BIOL7210/databases/eggnog/eggnog_proteins.dmnd' -q '/storage/ice1/9/0/fmeng48/BIOL7210/sentinel_Group2/results/predictions/gms2/Bb0e8101d1_gms2.faa' --threads 8 -o '/home/hice1/fmeng48/scratch/BIOL7210/sentinel_Group2/results/annotations/eggnog/Bb0e8101d1_eggnog.emapper.hits' --tmpdir '/tmp/eggnog_fmeng48_Bb0e8101d1/emappertmp_dmdn_ohzsq14b' --sensitive --iterate -e 0.001 --top 3  --outfmt 6 qseqid sseqid pident length mismatch gapopen qstart qend sstart send evalue bitscore qcovhsp scovhsp[0m
 Copying result file /home/hice1/fmeng48/scratch/BIOL7210/sentinel_Group2/results/annotations/eggnog/Bb0e8101d1_eggnog.emapper.hits from scratch to /storage/ice1/9/0/fmeng48/BIOL7210/sentinel_Group2
 Copying result file /home/hice1/fmeng48/scratch/BIOL7210/sentinel_Group2/results/annotations/eggnog/Bb0e8101d1_eggnog.emapper.seed_orthologs from scratch to /storage/ice1/9/0/fmeng48/BIOL7210/sentinel_Group2
 Copying result file /home/hice1/fmeng48/scratch/BIOL7210/sentinel_Group2/results/annotations/eggnog/Bb0e8101d1_eggnog.emapper.annotations from scratch to /storage/ice1/9/0/fmeng48/BIOL7210/sentinel_Group2
[31mData in /tmp/eggnog_fmeng48_Bb0e8101d1 will be not removed. Please, clear it manually.[0m
[32mDone[0m
[1;33mResult files:[0m
   /home/hice1/fmeng48/scratch/BIOL7210/sentinel_Group2/results/annotations/eggnog/Bb0e8101d1_eggnog.emapper.hits
   /home/hice1/fmeng48/scratch/BIOL7210/sentinel_Group2/results/annotations/eggnog/Bb0e8101d1_eggnog.emapper.seed_orthologs
   /home/hice1/fmeng48/scratch/BIOL7210/sentinel_Group2/results/annotations/eggnog/Bb0e8101d1_eggnog.emapper.annotations

================================================================================
CITATION:
If you use this software, please cite:

[1] eggNOG-mapper v2: functional annotation, orthology assignments, and domain 
      prediction at the metagenomic scale. Carlos P. Cantalapiedra, 
      Ana Hernandez-Plaza, Ivica Letunic, Peer Bork, Jaime Huerta-Cepas. 2021.
      Molecular Biology and Evolution, msab293, https://doi.org/10.1093/molbev/msab293

[2] eggNOG 5.0: a hierarchical, functionally and phylogenetically annotated
      orthology resource based on 5090 organisms and 2502 viruses. Jaime
      Huerta-Cepas, Damian Szklarczyk, Davide Heller, Ana Hernandez-Plaza,
      Sofia K Forslund, Helen Cook, Daniel R Mende, Ivica Letunic, Thomas
      Rattei, Lars J Jensen, Christian von Mering and Peer Bork. Nucleic Acids
      Research, Volume 47, Issue D1, 8 January 2019, Pages D309-D314,
      https://doi.org/10.1093/nar/gky1085 

[3] Sensitive protein alignments at tree-of-life scale using DIAMOND.
       Buchfink B, Reuter K, Drost HG. 2021.
       Nature Methods 18, 366–368 (2021). https://doi.org/10.1038/s41592-021-01101-x

e.g. Functional annotation was performed using eggNOG-mapper (version emapper-2.1.12) [1]
 based on eggNOG orthology data [2]. Sequence searches were performed using [3].

================================================================================

Total hits processed: 1710
Total time: 8552 secs
FINISHED
