[barrnap] This is barrnap 0.9
[barrnap] Written by Torsten Seemann
[barrnap] Obtained from https://github.com/tseemann/barrnap
[barrnap] Detected operating system: darwin
[barrnap] Adding /opt/miniconda3/envs/barrnap_env/lib/barrnap/bin/../binaries/darwin to end of PATH
[barrnap] Checking for dependencies:
[barrnap] Found nhmmer - /opt/miniconda3/envs/barrnap_env/bin/nhmmer
[barrnap] Found bedtools - /opt/miniconda3/envs/barrnap_env/bin/bedtools
[barrnap] Will use 1 threads
[barrnap] Setting evalue cutoff to 1e-06
[barrnap] Will tag genes < 0.8 of expected length.
[barrnap] Will reject genes < 0.25 of expected length.
[barrnap] Using database: /opt/miniconda3/envs/barrnap_env/lib/barrnap/bin/../db/bac.hmm
[barrnap] Scanning Bf8801cc4d_S01_L001.filtered.fasta for bac rRNA genes... please wait
[barrnap] Command: nhmmer --cpu 1 -E 1e-06 --w_length 3878 -o /dev/null --tblout /dev/stdout '/opt/miniconda3/envs/barrnap_env/lib/barrnap/bin/../db/bac.hmm' 'Bf8801cc4d_S01_L001.filtered.fasta'
[barrnap] Found: 16S_rRNA contigs_88 L=1536/1585 263..1798 - 16S ribosomal RNA
[barrnap] Found: 23S_rRNA contigs_80 L=2889/3232 678..3566 - 23S ribosomal RNA
[barrnap] Found: 5S_rRNA contigs_80 L=109/119 470..578 - 5S ribosomal RNA
[barrnap] Found 3 ribosomal RNA features.
[barrnap] Sorting features and outputting GFF3...
[barrnap] Done.
real 0.90
user 0.81
sys 0.08
